// Jest Snapshot v1, https://goo.gl/fbAQLP

exports[`<EventItem /> renders correctly and matches the snapshot 1`] = `
{
  "asFragment": [Function],
  "baseElement": <body>
    <div>
      <li
        class="item"
      >
        <img
          alt="images/coding-event.jpg"
          src="/images/coding-event.jpg"
        />
        <div
          class="content"
        >
          <div
            class="summary"
          >
            <h2>
              Programming for everyone
            </h2>
            <div
              class="date"
            >
              <time>
                12 May 2021
              </time>
            </div>
            <div
              class="address"
            >
              <address>
                Somestreet 25
12345 San Somewhereo
              </address>
            </div>
          </div>
          <div
            class="actions"
          >
            <a
              href="/events/e1"
            >
              Explore Event
            </a>
          </div>
        </div>
      </li>
    </div>
  </body>,
  "container": <div>
    <li
      class="item"
    >
      <img
        alt="images/coding-event.jpg"
        src="/images/coding-event.jpg"
      />
      <div
        class="content"
      >
        <div
          class="summary"
        >
          <h2>
            Programming for everyone
          </h2>
          <div
            class="date"
          >
            <time>
              12 May 2021
            </time>
          </div>
          <div
            class="address"
          >
            <address>
              Somestreet 25
12345 San Somewhereo
            </address>
          </div>
        </div>
        <div
          class="actions"
        >
          <a
            href="/events/e1"
          >
            Explore Event
          </a>
        </div>
      </div>
    </li>
  </div>,
  "debug": [Function],
  "findAllByAltText": [Function],
  "findAllByDisplayValue": [Function],
  "findAllByLabelText": [Function],
  "findAllByPlaceholderText": [Function],
  "findAllByRole": [Function],
  "findAllByTestId": [Function],
  "findAllByText": [Function],
  "findAllByTitle": [Function],
  "findByAltText": [Function],
  "findByDisplayValue": [Function],
  "findByLabelText": [Function],
  "findByPlaceholderText": [Function],
  "findByRole": [Function],
  "findByTestId": [Function],
  "findByText": [Function],
  "findByTitle": [Function],
  "getAllByAltText": [Function],
  "getAllByDisplayValue": [Function],
  "getAllByLabelText": [Function],
  "getAllByPlaceholderText": [Function],
  "getAllByRole": [Function],
  "getAllByTestId": [Function],
  "getAllByText": [Function],
  "getAllByTitle": [Function],
  "getByAltText": [Function],
  "getByDisplayValue": [Function],
  "getByLabelText": [Function],
  "getByPlaceholderText": [Function],
  "getByRole": [Function],
  "getByTestId": [Function],
  "getByText": [Function],
  "getByTitle": [Function],
  "queryAllByAltText": [Function],
  "queryAllByDisplayValue": [Function],
  "queryAllByLabelText": [Function],
  "queryAllByPlaceholderText": [Function],
  "queryAllByRole": [Function],
  "queryAllByTestId": [Function],
  "queryAllByText": [Function],
  "queryAllByTitle": [Function],
  "queryByAltText": [Function],
  "queryByDisplayValue": [Function],
  "queryByLabelText": [Function],
  "queryByPlaceholderText": [Function],
  "queryByRole": [Function],
  "queryByTestId": [Function],
  "queryByText": [Function],
  "queryByTitle": [Function],
  "rerender": [Function],
  "unmount": [Function],
}
`;
